Traceback (most recent call last):
  File "C:\Users\ignac\OneDrive\Desktop\WFLW\scripts\cfd\run_campaign.py", line 359, in <module>
    sys.exit(main())
             ~~~~^^
  File "C:\Users\ignac\OneDrive\Desktop\WFLW\scripts\cfd\run_campaign.py", line 334, in main
    stage_run_dir(
    ~~~~~~~~~~~~~^
        template_dir=template_dir,
        ^^^^^^^^^^^^^^^^^^^^^^^^^^
    ...<4 lines>...
        receptor_cellzones=receptor_cellzones,
        ^^^^^^^^^^^^^^^^^^^^^^^^^^^^^^^^^^^^^^
    )
    ^
  File "C:\Users\ignac\OneDrive\Desktop\WFLW\scripts\cfd\run_campaign.py", line 182, in stage_run_dir
    shutil.rmtree(run_dir)
    ~~~~~~~~~~~~~^^^^^^^^^
  File "C:\Users\ignac\miniconda3\Lib\shutil.py", line 790, in rmtree
    return _rmtree_unsafe(path, onexc)
  File "C:\Users\ignac\miniconda3\Lib\shutil.py", line 621, in _rmtree_unsafe
    onexc(os.rmdir, fullname, err)
    ~~~~~^^^^^^^^^^^^^^^^^^^^^^^^^
  File "C:\Users\ignac\miniconda3\Lib\shutil.py", line 617, in _rmtree_unsafe
    os.rmdir(fullname)
    ~~~~~~~~^^^^^^^^^^
PermissionError: [WinError 5] Access is denied: 'D:\\openfoam-runs\\los_pelambres\\dir00_speed00_neutral\\constant\\triSurface'
